2025-11-27 16:28:49 - langgraph-automator - INFO - ============================================================
2025-11-27 16:28:49 - langgraph-automator - INFO - YouTube Shorts 자동 생성 에이전트
2025-11-27 16:28:49 - langgraph-automator - INFO - ============================================================
2025-11-27 16:28:49 - langgraph-automator - INFO - 설정 검증 완료
2025-11-27 16:28:49 - langgraph-automator - INFO - 워크플로우 그래프 생성 중...
2025-11-27 16:28:49 - langgraph-automator - INFO - 주제: AI의 미래
2025-11-27 16:28:49 - langgraph-automator - INFO - 워크플로우 시작...

2025-11-27 16:29:36 - langgraph-automator - WARNING - 
사용자에 의해 중단되었습니다.
2025-11-27 16:29:40 - langgraph-automator - INFO - ============================================================
2025-11-27 16:29:40 - langgraph-automator - INFO - YouTube Shorts 자동 생성 에이전트
2025-11-27 16:29:40 - langgraph-automator - INFO - ============================================================
2025-11-27 16:29:40 - langgraph-automator - INFO - 설정 검증 완료
2025-11-27 16:29:40 - langgraph-automator - INFO - 워크플로우 그래프 생성 중...
2025-11-27 16:29:40 - langgraph-automator - INFO - 주제: AI의 미래
2025-11-27 16:29:40 - langgraph-automator - INFO - 워크플로우 시작...

2025-11-27 16:30:07 - langgraph-automator - WARNING - 
사용자에 의해 중단되었습니다.
2025-11-27 16:31:51 - langgraph-automator - INFO - ============================================================
2025-11-27 16:31:51 - langgraph-automator - INFO - YouTube Shorts 자동 생성 에이전트
2025-11-27 16:31:51 - langgraph-automator - INFO - ============================================================
2025-11-27 16:31:51 - langgraph-automator - INFO - 설정 검증 완료
2025-11-27 16:31:51 - langgraph-automator - INFO - 워크플로우 그래프 생성 중...
2025-11-27 16:31:51 - langgraph-automator - INFO - 주제: AI의 미래
2025-11-27 16:31:51 - langgraph-automator - INFO - 워크플로우 시작...

2025-11-27 16:32:01 - langgraph-automator - INFO - ============================================================
2025-11-27 16:32:01 - langgraph-automator - INFO - YouTube Shorts 자동 생성 에이전트
2025-11-27 16:32:01 - langgraph-automator - INFO - ============================================================
2025-11-27 16:32:01 - langgraph-automator - INFO - 설정 검증 완료
2025-11-27 16:32:01 - langgraph-automator - INFO - 워크플로우 그래프 생성 중...
2025-11-27 16:32:01 - langgraph-automator - INFO - 주제: AI의 미래
2025-11-27 16:32:01 - langgraph-automator - INFO - 워크플로우 시작...

2025-11-27 16:32:05 - langgraph-automator - WARNING - 
사용자에 의해 중단되었습니다.
2025-11-27 16:32:36 - langgraph-automator - WARNING - 
사용자에 의해 중단되었습니다.
2025-11-27 16:35:12 - langgraph-automator - INFO - ============================================================
2025-11-27 16:35:12 - langgraph-automator - INFO - YouTube Shorts 자동 생성 에이전트
2025-11-27 16:35:12 - langgraph-automator - INFO - ============================================================
2025-11-27 16:35:12 - langgraph-automator - INFO - 설정 검증 완료
2025-11-27 16:35:12 - langgraph-automator - INFO - 워크플로우 그래프 생성 중...
2025-11-27 16:35:12 - langgraph-automator - INFO - 주제: AI의 미래
2025-11-27 16:35:12 - langgraph-automator - INFO - 워크플로우 시작...

2025-11-27 16:36:21 - langgraph-automator - WARNING - 
사용자에 의해 중단되었습니다.
2025-11-27 16:37:22 - langgraph-automator - INFO - ============================================================
2025-11-27 16:37:22 - langgraph-automator - INFO - YouTube Shorts 자동 생성 에이전트
2025-11-27 16:37:22 - langgraph-automator - INFO - ============================================================
2025-11-27 16:37:22 - langgraph-automator - INFO - 설정 검증 완료
2025-11-27 16:37:22 - langgraph-automator - INFO - 워크플로우 그래프 생성 중...
2025-11-27 16:37:22 - langgraph-automator - INFO - 주제: AI의 미래
2025-11-27 16:37:22 - langgraph-automator - INFO - 워크플로우 시작...

2025-11-27 16:37:54 - langgraph-automator - WARNING - 
사용자에 의해 중단되었습니다.
2025-11-27 16:39:33 - langgraph-automator - INFO - ============================================================
2025-11-27 16:39:33 - langgraph-automator - INFO - YouTube Shorts 자동 생성 에이전트
2025-11-27 16:39:33 - langgraph-automator - INFO - ============================================================
2025-11-27 16:39:33 - langgraph-automator - INFO - 설정 검증 완료
2025-11-27 16:39:33 - langgraph-automator - INFO - 워크플로우 그래프 생성 중...
2025-11-27 16:39:33 - langgraph-automator - INFO - 주제: AI의 미래
2025-11-27 16:39:33 - langgraph-automator - INFO - 워크플로우 시작...

2025-11-27 16:39:50 - langgraph-automator - WARNING - 
사용자에 의해 중단되었습니다.
2025-11-27 16:42:06 - langgraph-automator - INFO - ============================================================
2025-11-27 16:42:06 - langgraph-automator - INFO - YouTube Shorts 자동 생성 에이전트
2025-11-27 16:42:06 - langgraph-automator - INFO - ============================================================
2025-11-27 16:42:06 - langgraph-automator - INFO - 설정 검증 완료
2025-11-27 16:42:06 - langgraph-automator - INFO - 워크플로우 그래프 생성 중...
2025-11-27 16:42:06 - langgraph-automator - INFO - 주제: AI의 미래
2025-11-27 16:42:06 - langgraph-automator - INFO - 워크플로우 시작...

2025-11-27 16:42:26 - langgraph-automator - WARNING - 
사용자에 의해 중단되었습니다.
2025-11-27 18:24:27 - langgraph-automator - INFO - ============================================================
2025-11-27 18:24:27 - langgraph-automator - INFO - YouTube Shorts 자동 생성 에이전트
2025-11-27 18:24:27 - langgraph-automator - INFO - ============================================================
2025-11-27 18:24:27 - langgraph-automator - INFO - 설정 검증 완료
2025-11-27 18:24:27 - langgraph-automator - INFO - 워크플로우 그래프 생성 중...
2025-11-27 18:24:27 - langgraph-automator - INFO - 주제: AI의 미래
2025-11-27 18:24:27 - langgraph-automator - INFO - 워크플로우 시작...

2025-11-27 18:25:04 - langgraph-automator - WARNING - 
사용자에 의해 중단되었습니다.
2025-11-27 18:25:55 - langgraph-automator - INFO - ============================================================
2025-11-27 18:25:55 - langgraph-automator - INFO - YouTube Shorts 자동 생성 에이전트
2025-11-27 18:25:55 - langgraph-automator - INFO - ============================================================
2025-11-27 18:25:55 - langgraph-automator - INFO - 설정 검증 완료
2025-11-27 18:25:55 - langgraph-automator - INFO - 워크플로우 그래프 생성 중...
2025-11-27 18:25:55 - langgraph-automator - INFO - 주제: AI의 미래
2025-11-27 18:25:55 - langgraph-automator - INFO - 워크플로우 시작...

2025-11-27 18:26:15 - langgraph-automator - WARNING - 
사용자에 의해 중단되었습니다.
2025-11-27 18:27:35 - langgraph-automator - INFO - ============================================================
2025-11-27 18:27:35 - langgraph-automator - INFO - YouTube Shorts 자동 생성 에이전트
2025-11-27 18:27:35 - langgraph-automator - INFO - ============================================================
2025-11-27 18:27:35 - langgraph-automator - INFO - 설정 검증 완료
2025-11-27 18:27:35 - langgraph-automator - INFO - 워크플로우 그래프 생성 중...
2025-11-27 18:27:35 - langgraph-automator - INFO - 주제: AI의 미래
2025-11-27 18:27:35 - langgraph-automator - INFO - 워크플로우 시작...

2025-11-27 18:28:03 - langgraph-automator - WARNING - 
사용자에 의해 중단되었습니다.
2025-11-27 18:34:10 - langgraph-automator - INFO - ============================================================
2025-11-27 18:34:10 - langgraph-automator - INFO - YouTube Shorts 자동 생성 에이전트
2025-11-27 18:34:10 - langgraph-automator - INFO - ============================================================
2025-11-27 18:34:10 - langgraph-automator - INFO - 설정 검증 완료
2025-11-27 18:34:10 - langgraph-automator - INFO - 워크플로우 그래프 생성 중...
2025-11-27 18:34:10 - langgraph-automator - INFO - 주제: AI의 미래
2025-11-27 18:34:10 - langgraph-automator - INFO - 워크플로우 시작...

2025-11-27 18:37:47 - langgraph-automator - INFO - ============================================================
2025-11-27 18:37:47 - langgraph-automator - INFO - YouTube Shorts 자동 생성 에이전트
2025-11-27 18:37:47 - langgraph-automator - INFO - ============================================================
2025-11-27 18:37:47 - langgraph-automator - INFO - 설정 검증 완료
2025-11-27 18:37:47 - langgraph-automator - INFO - 워크플로우 그래프 생성 중...
2025-11-27 18:37:47 - langgraph-automator - INFO - 주제: AI의 미래
2025-11-27 18:37:47 - langgraph-automator - INFO - 워크플로우 시작...

2025-11-27 18:38:44 - langgraph-automator - ERROR - 
오류 발생: 'ImageClip' object has no attribute 'set_duration'
Traceback (most recent call last):
  File "C:\Users\ksdf7235\Desktop\workspace\localAgents\langgraph-automator\src\main.py", line 49, in main
    final_state = graph.invoke(initial_state)
  File "C:\Users\ksdf7235\Desktop\workspace\localAgents\langgraph-automator\.venv\Lib\site-packages\langgraph\pregel\main.py", line 3068, in invoke
    for chunk in self.stream(
                 ~~~~~~~~~~~^
        input,
        ^^^^^^
    ...<10 lines>...
        **kwargs,
        ^^^^^^^^^
    ):
    ^
  File "C:\Users\ksdf7235\Desktop\workspace\localAgents\langgraph-automator\.venv\Lib\site-packages\langgraph\pregel\main.py", line 2643, in stream
    for _ in runner.tick(
             ~~~~~~~~~~~^
        [t for t in loop.tasks.values() if not t.writes],
        ^^^^^^^^^^^^^^^^^^^^^^^^^^^^^^^^^^^^^^^^^^^^^^^^^
    ...<2 lines>...
        schedule_task=loop.accept_push,
        ^^^^^^^^^^^^^^^^^^^^^^^^^^^^^^^
    ):
    ^
  File "C:\Users\ksdf7235\Desktop\workspace\localAgents\langgraph-automator\.venv\Lib\site-packages\langgraph\pregel\_runner.py", line 167, in tick
    run_with_retry(
    ~~~~~~~~~~~~~~^
        t,
        ^^
    ...<10 lines>...
        },
        ^^
    )
    ^
  File "C:\Users\ksdf7235\Desktop\workspace\localAgents\langgraph-automator\.venv\Lib\site-packages\langgraph\pregel\_retry.py", line 42, in run_with_retry
    return task.proc.invoke(task.input, config)
           ~~~~~~~~~~~~~~~~^^^^^^^^^^^^^^^^^^^^
  File "C:\Users\ksdf7235\Desktop\workspace\localAgents\langgraph-automator\.venv\Lib\site-packages\langgraph\_internal\_runnable.py", line 656, in invoke
    input = context.run(step.invoke, input, config, **kwargs)
  File "C:\Users\ksdf7235\Desktop\workspace\localAgents\langgraph-automator\.venv\Lib\site-packages\langgraph\_internal\_runnable.py", line 400, in invoke
    ret = self.func(*args, **kwargs)
  File "C:\Users\ksdf7235\Desktop\workspace\localAgents\langgraph-automator\src\workflow\graph.py", line 75, in wrapper
    raise last_error
  File "C:\Users\ksdf7235\Desktop\workspace\localAgents\langgraph-automator\src\workflow\graph.py", line 59, in wrapper
    return func(state)
  File "C:\Users\ksdf7235\Desktop\workspace\localAgents\langgraph-automator\src\workflow\graph.py", line 106, in node_video_editor_with_retry
    return node_video_editor(state)
  File "C:\Users\ksdf7235\Desktop\workspace\localAgents\langgraph-automator\src\tools\video_editor.py", line 236, in node_video_editor
    compose_video(scenes, final_video_path)
    ~~~~~~~~~~~~~^^^^^^^^^^^^^^^^^^^^^^^^^^
  File "C:\Users\ksdf7235\Desktop\workspace\localAgents\langgraph-automator\src\tools\video_editor.py", line 177, in compose_video
    video_clip = create_video_clip(image_path, audio_path)
  File "C:\Users\ksdf7235\Desktop\workspace\localAgents\langgraph-automator\src\tools\video_editor.py", line 128, in create_video_clip
    image_clip = image_clip.set_duration(audio_duration)
                 ^^^^^^^^^^^^^^^^^^^^^^^
AttributeError: 'ImageClip' object has no attribute 'set_duration'. Did you mean: 'with_duration'?
During task with name 'video_editor' and id '006c8239-2984-3a2c-99fc-fe5f63fb0e28'
2025-11-27 18:39:56 - langgraph-automator - INFO - ============================================================
2025-11-27 18:39:56 - langgraph-automator - INFO - YouTube Shorts 자동 생성 에이전트
2025-11-27 18:39:56 - langgraph-automator - INFO - ============================================================
2025-11-27 18:39:56 - langgraph-automator - INFO - 설정 검증 완료
2025-11-27 18:39:56 - langgraph-automator - INFO - 워크플로우 그래프 생성 중...
2025-11-27 18:39:56 - langgraph-automator - INFO - 주제: AI의 미래
2025-11-27 18:39:56 - langgraph-automator - INFO - 워크플로우 시작...

2025-11-27 18:40:39 - langgraph-automator - ERROR - 
오류 발생: 'ImageClip' object has no attribute 'resize'
Traceback (most recent call last):
  File "C:\Users\ksdf7235\Desktop\workspace\localAgents\langgraph-automator\src\tools\video_editor.py", line 78, in apply_ken_burns_effect
    zoomed_clip = clip.fl(make_frame, apply_to=['mask'])
                  ^^^^^^^
AttributeError: 'ImageClip' object has no attribute 'fl'

During handling of the above exception, another exception occurred:

Traceback (most recent call last):
  File "C:\Users\ksdf7235\Desktop\workspace\localAgents\langgraph-automator\src\main.py", line 49, in main
    final_state = graph.invoke(initial_state)
  File "C:\Users\ksdf7235\Desktop\workspace\localAgents\langgraph-automator\.venv\Lib\site-packages\langgraph\pregel\main.py", line 3068, in invoke
    for chunk in self.stream(
                 ~~~~~~~~~~~^
        input,
        ^^^^^^
    ...<10 lines>...
        **kwargs,
        ^^^^^^^^^
    ):
    ^
  File "C:\Users\ksdf7235\Desktop\workspace\localAgents\langgraph-automator\.venv\Lib\site-packages\langgraph\pregel\main.py", line 2643, in stream
    for _ in runner.tick(
             ~~~~~~~~~~~^
        [t for t in loop.tasks.values() if not t.writes],
        ^^^^^^^^^^^^^^^^^^^^^^^^^^^^^^^^^^^^^^^^^^^^^^^^^
    ...<2 lines>...
        schedule_task=loop.accept_push,
        ^^^^^^^^^^^^^^^^^^^^^^^^^^^^^^^
    ):
    ^
  File "C:\Users\ksdf7235\Desktop\workspace\localAgents\langgraph-automator\.venv\Lib\site-packages\langgraph\pregel\_runner.py", line 167, in tick
    run_with_retry(
    ~~~~~~~~~~~~~~^
        t,
        ^^
    ...<10 lines>...
        },
        ^^
    )
    ^
  File "C:\Users\ksdf7235\Desktop\workspace\localAgents\langgraph-automator\.venv\Lib\site-packages\langgraph\pregel\_retry.py", line 42, in run_with_retry
    return task.proc.invoke(task.input, config)
           ~~~~~~~~~~~~~~~~^^^^^^^^^^^^^^^^^^^^
  File "C:\Users\ksdf7235\Desktop\workspace\localAgents\langgraph-automator\.venv\Lib\site-packages\langgraph\_internal\_runnable.py", line 656, in invoke
    input = context.run(step.invoke, input, config, **kwargs)
  File "C:\Users\ksdf7235\Desktop\workspace\localAgents\langgraph-automator\.venv\Lib\site-packages\langgraph\_internal\_runnable.py", line 400, in invoke
    ret = self.func(*args, **kwargs)
  File "C:\Users\ksdf7235\Desktop\workspace\localAgents\langgraph-automator\src\workflow\graph.py", line 75, in wrapper
    raise last_error
  File "C:\Users\ksdf7235\Desktop\workspace\localAgents\langgraph-automator\src\workflow\graph.py", line 59, in wrapper
    return func(state)
  File "C:\Users\ksdf7235\Desktop\workspace\localAgents\langgraph-automator\src\workflow\graph.py", line 106, in node_video_editor_with_retry
    return node_video_editor(state)
  File "C:\Users\ksdf7235\Desktop\workspace\localAgents\langgraph-automator\src\tools\video_editor.py", line 236, in node_video_editor
    compose_video(scenes, final_video_path)
    ~~~~~~~~~~~~~^^^^^^^^^^^^^^^^^^^^^^^^^^
  File "C:\Users\ksdf7235\Desktop\workspace\localAgents\langgraph-automator\src\tools\video_editor.py", line 177, in compose_video
    video_clip = create_video_clip(image_path, audio_path)
  File "C:\Users\ksdf7235\Desktop\workspace\localAgents\langgraph-automator\src\tools\video_editor.py", line 132, in create_video_clip
    image_clip = apply_ken_burns_effect(image_clip, audio_duration, zoom_factor)
  File "C:\Users\ksdf7235\Desktop\workspace\localAgents\langgraph-automator\src\tools\video_editor.py", line 85, in apply_ken_burns_effect
    zoomed_clip = clip.resize(zoom_func)
                  ^^^^^^^^^^^
AttributeError: 'ImageClip' object has no attribute 'resize'. Did you mean: 'resized'?
During task with name 'video_editor' and id '93d81d1b-52c9-efce-b681-12b195e8f7eb'
2025-11-27 18:42:54 - langgraph-automator - INFO - ============================================================
2025-11-27 18:42:54 - langgraph-automator - INFO - YouTube Shorts 자동 생성 에이전트
2025-11-27 18:42:54 - langgraph-automator - INFO - ============================================================
2025-11-27 18:42:54 - langgraph-automator - INFO - 설정 검증 완료
2025-11-27 18:42:54 - langgraph-automator - INFO - 워크플로우 그래프 생성 중...
2025-11-27 18:42:54 - langgraph-automator - INFO - 주제: AI의 미래
2025-11-27 18:42:54 - langgraph-automator - INFO - 워크플로우 시작...

2025-11-27 18:43:26 - langgraph-automator - ERROR - 
오류 발생: 'ImageClip' object has no attribute 'set_audio'
Traceback (most recent call last):
  File "C:\Users\ksdf7235\Desktop\workspace\localAgents\langgraph-automator\src\main.py", line 49, in main
    final_state = graph.invoke(initial_state)
  File "C:\Users\ksdf7235\Desktop\workspace\localAgents\langgraph-automator\.venv\Lib\site-packages\langgraph\pregel\main.py", line 3068, in invoke
    for chunk in self.stream(
                 ~~~~~~~~~~~^
        input,
        ^^^^^^
    ...<10 lines>...
        **kwargs,
        ^^^^^^^^^
    ):
    ^
  File "C:\Users\ksdf7235\Desktop\workspace\localAgents\langgraph-automator\.venv\Lib\site-packages\langgraph\pregel\main.py", line 2643, in stream
    for _ in runner.tick(
             ~~~~~~~~~~~^
        [t for t in loop.tasks.values() if not t.writes],
        ^^^^^^^^^^^^^^^^^^^^^^^^^^^^^^^^^^^^^^^^^^^^^^^^^
    ...<2 lines>...
        schedule_task=loop.accept_push,
        ^^^^^^^^^^^^^^^^^^^^^^^^^^^^^^^
    ):
    ^
  File "C:\Users\ksdf7235\Desktop\workspace\localAgents\langgraph-automator\.venv\Lib\site-packages\langgraph\pregel\_runner.py", line 167, in tick
    run_with_retry(
    ~~~~~~~~~~~~~~^
        t,
        ^^
    ...<10 lines>...
        },
        ^^
    )
    ^
  File "C:\Users\ksdf7235\Desktop\workspace\localAgents\langgraph-automator\.venv\Lib\site-packages\langgraph\pregel\_retry.py", line 42, in run_with_retry
    return task.proc.invoke(task.input, config)
           ~~~~~~~~~~~~~~~~^^^^^^^^^^^^^^^^^^^^
  File "C:\Users\ksdf7235\Desktop\workspace\localAgents\langgraph-automator\.venv\Lib\site-packages\langgraph\_internal\_runnable.py", line 656, in invoke
    input = context.run(step.invoke, input, config, **kwargs)
  File "C:\Users\ksdf7235\Desktop\workspace\localAgents\langgraph-automator\.venv\Lib\site-packages\langgraph\_internal\_runnable.py", line 400, in invoke
    ret = self.func(*args, **kwargs)
  File "C:\Users\ksdf7235\Desktop\workspace\localAgents\langgraph-automator\src\workflow\graph.py", line 75, in wrapper
    raise last_error
  File "C:\Users\ksdf7235\Desktop\workspace\localAgents\langgraph-automator\src\workflow\graph.py", line 59, in wrapper
    return func(state)
  File "C:\Users\ksdf7235\Desktop\workspace\localAgents\langgraph-automator\src\workflow\graph.py", line 106, in node_video_editor_with_retry
    return node_video_editor(state)
  File "C:\Users\ksdf7235\Desktop\workspace\localAgents\langgraph-automator\src\tools\video_editor.py", line 235, in node_video_editor
    compose_video(scenes, final_video_path)
    ~~~~~~~~~~~~~^^^^^^^^^^^^^^^^^^^^^^^^^^
  File "C:\Users\ksdf7235\Desktop\workspace\localAgents\langgraph-automator\src\tools\video_editor.py", line 176, in compose_video
    video_clip = create_video_clip(image_path, audio_path)
  File "C:\Users\ksdf7235\Desktop\workspace\localAgents\langgraph-automator\src\tools\video_editor.py", line 134, in create_video_clip
    video_clip = image_clip.set_audio(audio_clip)
                 ^^^^^^^^^^^^^^^^^^^^
AttributeError: 'ImageClip' object has no attribute 'set_audio'. Did you mean: 'with_audio'?
During task with name 'video_editor' and id '283ca5fe-2ea5-00b4-c0a1-79e17929270c'
2025-11-27 18:48:46 - langgraph-automator - INFO - ============================================================
2025-11-27 18:48:46 - langgraph-automator - INFO - YouTube Shorts 자동 생성 에이전트
2025-11-27 18:48:46 - langgraph-automator - INFO - ============================================================
2025-11-27 18:48:46 - langgraph-automator - INFO - 설정 검증 완료
2025-11-27 18:48:46 - langgraph-automator - INFO - 워크플로우 그래프 생성 중...
2025-11-27 18:48:46 - langgraph-automator - INFO - 주제: AI의 미래
2025-11-27 18:48:46 - langgraph-automator - INFO - 워크플로우 시작...

2025-11-27 18:50:28 - langgraph-automator - ERROR - 
오류 발생: got an unexpected keyword argument 'verbose'
Traceback (most recent call last):
  File "C:\Users\ksdf7235\Desktop\workspace\localAgents\langgraph-automator\src\main.py", line 49, in main
    final_state = graph.invoke(initial_state)
  File "C:\Users\ksdf7235\Desktop\workspace\localAgents\langgraph-automator\.venv\Lib\site-packages\langgraph\pregel\main.py", line 3068, in invoke
    for chunk in self.stream(
                 ~~~~~~~~~~~^
        input,
        ^^^^^^
    ...<10 lines>...
        **kwargs,
        ^^^^^^^^^
    ):
    ^
  File "C:\Users\ksdf7235\Desktop\workspace\localAgents\langgraph-automator\.venv\Lib\site-packages\langgraph\pregel\main.py", line 2643, in stream
    for _ in runner.tick(
             ~~~~~~~~~~~^
        [t for t in loop.tasks.values() if not t.writes],
        ^^^^^^^^^^^^^^^^^^^^^^^^^^^^^^^^^^^^^^^^^^^^^^^^^
    ...<2 lines>...
        schedule_task=loop.accept_push,
        ^^^^^^^^^^^^^^^^^^^^^^^^^^^^^^^
    ):
    ^
  File "C:\Users\ksdf7235\Desktop\workspace\localAgents\langgraph-automator\.venv\Lib\site-packages\langgraph\pregel\_runner.py", line 167, in tick
    run_with_retry(
    ~~~~~~~~~~~~~~^
        t,
        ^^
    ...<10 lines>...
        },
        ^^
    )
    ^
  File "C:\Users\ksdf7235\Desktop\workspace\localAgents\langgraph-automator\.venv\Lib\site-packages\langgraph\pregel\_retry.py", line 42, in run_with_retry
    return task.proc.invoke(task.input, config)
           ~~~~~~~~~~~~~~~~^^^^^^^^^^^^^^^^^^^^
  File "C:\Users\ksdf7235\Desktop\workspace\localAgents\langgraph-automator\.venv\Lib\site-packages\langgraph\_internal\_runnable.py", line 656, in invoke
    input = context.run(step.invoke, input, config, **kwargs)
  File "C:\Users\ksdf7235\Desktop\workspace\localAgents\langgraph-automator\.venv\Lib\site-packages\langgraph\_internal\_runnable.py", line 400, in invoke
    ret = self.func(*args, **kwargs)
  File "C:\Users\ksdf7235\Desktop\workspace\localAgents\langgraph-automator\src\workflow\graph.py", line 75, in wrapper
    raise last_error
  File "C:\Users\ksdf7235\Desktop\workspace\localAgents\langgraph-automator\src\workflow\graph.py", line 59, in wrapper
    return func(state)
  File "C:\Users\ksdf7235\Desktop\workspace\localAgents\langgraph-automator\src\workflow\graph.py", line 106, in node_video_editor_with_retry
    return node_video_editor(state)
  File "C:\Users\ksdf7235\Desktop\workspace\localAgents\langgraph-automator\src\tools\video_editor.py", line 236, in node_video_editor
    compose_video(scenes, final_video_path)
    ~~~~~~~~~~~~~^^^^^^^^^^^^^^^^^^^^^^^^^^
  File "C:\Users\ksdf7235\Desktop\workspace\localAgents\langgraph-automator\src\tools\video_editor.py", line 196, in compose_video
    final_clip.write_videofile(
    ~~~~~~~~~~~~~~~~~~~~~~~~~~^
        str(output_path),
        ^^^^^^^^^^^^^^^^^
    ...<6 lines>...
        logger=None
        ^^^^^^^^^^^
    )
    ^
  File "C:\Users\ksdf7235\Desktop\workspace\localAgents\langgraph-automator\.venv\Lib\site-packages\decorator.py", line 234, in fun
    args, kw = fix(args, kw, sig)
               ~~~^^^^^^^^^^^^^^^
  File "C:\Users\ksdf7235\Desktop\workspace\localAgents\langgraph-automator\.venv\Lib\site-packages\decorator.py", line 204, in fix
    ba = sig.bind(*args, **kwargs)
  File "C:\Users\ksdf7235\AppData\Roaming\uv\python\cpython-3.13.2-windows-x86_64-none\Lib\inspect.py", line 3264, in bind
    return self._bind(args, kwargs)
           ~~~~~~~~~~^^^^^^^^^^^^^^
  File "C:\Users\ksdf7235\AppData\Roaming\uv\python\cpython-3.13.2-windows-x86_64-none\Lib\inspect.py", line 3253, in _bind
    raise TypeError(
        'got an unexpected keyword argument {arg!r}'.format(
            arg=next(iter(kwargs))))
TypeError: got an unexpected keyword argument 'verbose'
During task with name 'video_editor' and id 'bce53b0e-34f0-0991-dade-92ea8e242049'
2025-11-27 18:54:43 - langgraph-automator - INFO - ============================================================
2025-11-27 18:54:43 - langgraph-automator - INFO - YouTube Shorts 자동 생성 에이전트
2025-11-27 18:54:43 - langgraph-automator - INFO - ============================================================
2025-11-27 18:54:43 - langgraph-automator - INFO - 설정 검증 완료
2025-11-27 18:54:43 - langgraph-automator - INFO - 워크플로우 그래프 생성 중...
2025-11-27 18:54:43 - langgraph-automator - INFO - 주제: AI의 미래
2025-11-27 18:54:43 - langgraph-automator - INFO - 워크플로우 시작...

2025-11-27 18:57:36 - langgraph-automator - INFO - 
============================================================
2025-11-27 18:57:36 - langgraph-automator - INFO - 워크플로우 완료!
2025-11-27 18:57:36 - langgraph-automator - INFO - ============================================================
2025-11-27 18:57:36 - langgraph-automator - INFO - 최종 비디오 경로: output\final_output.mp4
2025-11-27 18:57:36 - langgraph-automator - INFO - 생성된 장면 수: 3
